// Jest Snapshot v1, https://goo.gl/fbAQLP

exports[`Button component snapshot test 1`] = `
<View
  accessible={true}
  focusable={true}
  onClick={[Function]}
  onResponderGrant={[Function]}
  onResponderMove={[Function]}
  onResponderRelease={[Function]}
  onResponderTerminate={[Function]}
  onResponderTerminationRequest={[Function]}
  onStartShouldSetResponder={[Function]}
  style={
    Object {
      "backgroundColor": "#00a5e2",
      "borderRadius": 4,
      "height": 40,
      "paddingHorizontal": 9,
      "paddingVertical": 9,
      "width": "100%",
    }
  }
>
  <Text
    style={
      Object {
        "color": "#ffffff",
        "fontSize": 18,
        "fontWeight": "500",
        "textAlign": "center",
      }
    }
  >
    Click
  </Text>
</View>
`;
