// Jest Snapshot v1, https://goo.gl/fbAQLP

exports[`Button component snapshot test 1`] = `
<div
  className="css-view-1dbjc4n"
  style={
    Object {
      "WebkitAlignItems": "center",
      "WebkitBoxAlign": "center",
      "WebkitBoxFlex": 1,
      "WebkitBoxPack": "center",
      "WebkitFlexBasis": "0%",
      "WebkitFlexGrow": 1,
      "WebkitFlexShrink": 1,
      "WebkitJustifyContent": "center",
      "alignItems": "center",
      "flexBasis": "0%",
      "flexGrow": 1,
      "flexShrink": 1,
      "justifyContent": "center",
      "msFlexAlign": "center",
      "msFlexNegative": 1,
      "msFlexPack": "center",
      "msFlexPositive": 1,
      "msFlexPreferredSize": "0%",
    }
  }
>
  <div
    className="css-view-1dbjc4n r-boxShadow-x877fd r-elevation-1quu1zo r-marginBottom-1yflyrw"
  >
    <div
      className="css-view-1dbjc4n r-flexBasis-1mlwlqe r-marginBottom-15d164r r-overflow-1udh08x r-zIndex-417010"
      style={
        Object {
          "height": "300px",
          "width": "300px",
        }
      }
    >
      <div
        className="css-view-1dbjc4n r-backgroundColor-1niwhzg r-backgroundPosition-vvn4in r-backgroundRepeat-u6sd8q r-backgroundSize-4gszlv r-bottom-1p0dtai r-height-1pi2tsx r-left-1d2f490 r-position-u8s1d r-right-zchlnj r-top-ipm5af r-width-13qz1uu r-zIndex-1wyyakw"
        style={
          Object {
            "backgroundImage": "url(\\"https://m.media-amazon.com/images/M/MV5BMjIxMjgxNTk0MF5BMl5BanBnXkFtZTgwNjIyOTg2MDE@._V1_SX300.jpg\\")",
          }
        }
      />
      <img
        alt=""
        className="css-accessibilityImage-9pa8cd"
        draggable={false}
        src="https://m.media-amazon.com/images/M/MV5BMjIxMjgxNTk0MF5BMl5BanBnXkFtZTgwNjIyOTg2MDE@._V1_SX300.jpg"
      />
    </div>
    <div
      className="css-text-901oao r-fontSize-1i10wst r-fontWeight-vw2c0b r-marginBottom-15d164r"
      dir="auto"
    >
      The Wolf of Wall Street
    </div>
    <div
      className="css-view-1dbjc4n r-cursor-1loqt21 r-touchAction-1otgn73 r-userSelect-lrvibr r-width-13qz1uu"
      data-focusable={true}
      onKeyDown={[Function]}
      onKeyUp={[Function]}
      onResponderGrant={[Function]}
      onResponderMove={[Function]}
      onResponderRelease={[Function]}
      onResponderTerminate={[Function]}
      onResponderTerminationRequest={[Function]}
      onStartShouldSetResponder={[Function]}
      style={
        Object {
          "backgroundColor": "rgba(1,1,1,1.00)",
          "borderBottomLeftRadius": "4px",
          "borderBottomRightRadius": "4px",
          "borderTopLeftRadius": "4px",
          "borderTopRightRadius": "4px",
          "height": "40px",
          "paddingBottom": "9px",
          "paddingLeft": "9px",
          "paddingRight": "9px",
          "paddingTop": "9px",
        }
      }
      tabIndex="0"
    >
      <div
        className="css-text-901oao r-fontSize-1i10wst"
        dir="auto"
        style={
          Object {
            "color": "rgba(255,255,255,1.00)",
            "fontWeight": "500",
            "textAlign": "center",
          }
        }
      >
        More Info
      </div>
    </div>
  </div>
</div>
`;

exports[`Movie card component snapshot test 1`] = `
<div
  className="css-view-1dbjc4n"
  style={
    Object {
      "WebkitAlignItems": "center",
      "WebkitBoxAlign": "center",
      "WebkitBoxFlex": 1,
      "WebkitBoxPack": "center",
      "WebkitFlexBasis": "0%",
      "WebkitFlexGrow": 1,
      "WebkitFlexShrink": 1,
      "WebkitJustifyContent": "center",
      "alignItems": "center",
      "flexBasis": "0%",
      "flexGrow": 1,
      "flexShrink": 1,
      "justifyContent": "center",
      "msFlexAlign": "center",
      "msFlexNegative": 1,
      "msFlexPack": "center",
      "msFlexPositive": 1,
      "msFlexPreferredSize": "0%",
    }
  }
>
  <div
    className="css-view-1dbjc4n r-boxShadow-x877fd r-elevation-1quu1zo r-marginBottom-1yflyrw"
  >
    <div
      className="css-view-1dbjc4n r-flexBasis-1mlwlqe r-marginBottom-15d164r r-overflow-1udh08x r-zIndex-417010"
      style={
        Object {
          "height": "300px",
          "width": "300px",
        }
      }
    >
      <div
        className="css-view-1dbjc4n r-backgroundColor-1niwhzg r-backgroundPosition-vvn4in r-backgroundRepeat-u6sd8q r-backgroundSize-4gszlv r-bottom-1p0dtai r-height-1pi2tsx r-left-1d2f490 r-position-u8s1d r-right-zchlnj r-top-ipm5af r-width-13qz1uu r-zIndex-1wyyakw"
        style={
          Object {
            "backgroundImage": "url(\\"https://m.media-amazon.com/images/M/MV5BMjIxMjgxNTk0MF5BMl5BanBnXkFtZTgwNjIyOTg2MDE@._V1_SX300.jpg\\")",
          }
        }
      />
      <img
        alt=""
        className="css-accessibilityImage-9pa8cd"
        draggable={false}
        src="https://m.media-amazon.com/images/M/MV5BMjIxMjgxNTk0MF5BMl5BanBnXkFtZTgwNjIyOTg2MDE@._V1_SX300.jpg"
      />
    </div>
    <div
      className="css-text-901oao r-fontSize-1i10wst r-fontWeight-vw2c0b r-marginBottom-15d164r"
      dir="auto"
    >
      The Wolf of Wall Street
    </div>
    <div
      className="css-view-1dbjc4n r-cursor-1loqt21 r-touchAction-1otgn73 r-userSelect-lrvibr r-width-13qz1uu"
      data-focusable={true}
      onKeyDown={[Function]}
      onKeyUp={[Function]}
      onResponderGrant={[Function]}
      onResponderMove={[Function]}
      onResponderRelease={[Function]}
      onResponderTerminate={[Function]}
      onResponderTerminationRequest={[Function]}
      onStartShouldSetResponder={[Function]}
      style={
        Object {
          "backgroundColor": "rgba(1,1,1,1.00)",
          "borderBottomLeftRadius": "4px",
          "borderBottomRightRadius": "4px",
          "borderTopLeftRadius": "4px",
          "borderTopRightRadius": "4px",
          "height": "40px",
          "paddingBottom": "9px",
          "paddingLeft": "9px",
          "paddingRight": "9px",
          "paddingTop": "9px",
        }
      }
      tabIndex="0"
    >
      <div
        className="css-text-901oao r-fontSize-1i10wst"
        dir="auto"
        style={
          Object {
            "color": "rgba(255,255,255,1.00)",
            "fontWeight": "500",
            "textAlign": "center",
          }
        }
      >
        More Info
      </div>
    </div>
  </div>
</div>
`;
