// Jest Snapshot v1, https://goo.gl/fbAQLP

exports[`Loader component snapshot test 1`] = `
<div
  className="css-view-1dbjc4n r-flex-13awgt0 r-flexDirection-18u37iz r-justifyContent-a2tzq0 r-padding-1sp51qo"
>
  <div
    aria-valuemax="1"
    aria-valuemin="0"
    className="css-view-1dbjc4n r-alignItems-1awozwy r-justifyContent-1777fci"
    role="progressbar"
  >
    <div
      className="css-view-1dbjc4n r-animationDuration-17bb2tj r-animationIterationCount-1muvv40 r-animationKeyframes-127358a r-animationTimingFunction-1ldzwu0 r-height-1r8g8re r-width-1acpoxo"
    >
      <svg
        height="100%"
        viewBox="0 0 32 32"
        width="100%"
      >
        <circle
          cx="16"
          cy="16"
          fill="none"
          r="14"
          strokeWidth="4"
          style={
            Object {
              "opacity": 0.2,
              "stroke": "#1976D2",
            }
          }
        />
        <circle
          cx="16"
          cy="16"
          fill="none"
          r="14"
          strokeWidth="4"
          style={
            Object {
              "stroke": "#1976D2",
              "strokeDasharray": 80,
              "strokeDashoffset": 60,
            }
          }
        />
      </svg>
    </div>
  </div>
</div>
`;
